../Core/Src/main.c:140:5:main	8	static
../Core/Src/main.c:243:6:SystemClock_Config	88	static
../Core/Src/main.c:285:13:MX_ADC1_Init	56	static
../Core/Src/main.c:362:13:MX_TIM2_Init	48	static
../Core/Src/main.c:411:13:MX_TIM3_Init	48	static
../Core/Src/main.c:460:13:MX_TIM4_Init	48	static
../Core/Src/main.c:509:13:MX_GPIO_Init	40	static
../Core/Src/main.c:557:6:Start_task_Comm	40	static
../Core/Src/main.c:597:6:Start_task_PID	112	static
../Core/Src/main.c:711:6:Start_task_IK	120	static
../Core/Src/main.c:778:6:Start_task_Planner	96	static
../Core/Src/main.c:840:6:HAL_TIM_PeriodElapsedCallback	16	static
../Core/Src/main.c:858:6:Error_Handler	4	static,ignoring_inline_asm
