../Core/Src/main.c:136:5:main	8	static
../Core/Src/main.c:240:6:SystemClock_Config	88	static
../Core/Src/main.c:282:13:MX_ADC1_Init	56	static
../Core/Src/main.c:368:13:MX_TIM2_Init	48	static
../Core/Src/main.c:417:13:MX_TIM3_Init	48	static
../Core/Src/main.c:466:13:MX_TIM4_Init	48	static
../Core/Src/main.c:519:13:MX_GPIO_Init	40	static
../Core/Src/main.c:567:6:Start_task_Comm	40	static
../Core/Src/main.c:637:6:Start_task_PID	120	static
../Core/Src/main.c:813:6:Start_task_IK	120	static
../Core/Src/main.c:886:6:Start_task_Planner	112	static
../Core/Src/main.c:973:6:HAL_TIM_PeriodElapsedCallback	16	static
../Core/Src/main.c:991:6:Error_Handler	4	static,ignoring_inline_asm
